// Jest Snapshot v1, https://goo.gl/fbAQLP

exports[`<HomePage> matches snapshot 1`] = `
<MemoryRouter
  initialEntries={
    Array [
      Object {
        "key": "testKey",
        "pathname": "/",
      },
    ]
  }
>
  <Router
    history={
      Object {
        "action": "POP",
        "block": [Function],
        "canGo": [Function],
        "createHref": [Function],
        "entries": Array [
          Object {
            "hash": "",
            "key": "testKey",
            "pathname": "/",
            "search": "",
          },
        ],
        "go": [Function],
        "goBack": [Function],
        "goForward": [Function],
        "index": 0,
        "length": 1,
        "listen": [Function],
        "location": Object {
          "hash": "",
          "key": "testKey",
          "pathname": "/",
          "search": "",
        },
        "push": [Function],
        "replace": [Function],
      }
    }
  >
    <HomePage>
      <div
        id="HomePage"
      >
        <div
          id="HomeContent"
        >
          <div
            className="main-wrapper"
          >
            <div
              className="headings"
            >
              <h1>
                <FormattedMessage
                  id="homePage.appName"
                  values={Object {}}
                >
                  <span>
                    Cliff Effects Tool
                  </span>
                </FormattedMessage>
              </h1>
              <h2>
                <FormattedMessage
                  id="homePage.prototypeNote"
                  values={Object {}}
                >
                  <span>
                    GUIDANCE PROTOTYPE*
                  </span>
                </FormattedMessage>
              </h2>
            </div>
            <div
              className="center-contents"
            >
              <Link
                className="home-button hb-left"
                replace={false}
                to="/visit/54321/1"
              >
                <a
                  className="home-button hb-left"
                  href="/visit/54321/1"
                  onClick={[Function]}
                >
                  <FormattedMessage
                    id="homePage.toFirstInputPage"
                    values={Object {}}
                  >
                    <span>
                      Get Started
                    </span>
                  </FormattedMessage>
                </a>
              </Link>
              <Link
                className="home-button hb-right"
                replace={false}
                to="/about"
              >
                <a
                  className="home-button hb-right"
                  href="/about"
                  onClick={[Function]}
                >
                  <FormattedMessage
                    id="homePage.toAboutPage"
                    values={Object {}}
                  >
                    <span>
                      Learn More
                    </span>
                  </FormattedMessage>
                </a>
              </Link>
            </div>
            <p
              className="home-disclaimer"
            >
              <FormattedMessage
                id="homePage.cautionaryNote"
                values={Object {}}
              >
                <span>
                  *This is a prototype and should not be used to make financial decisions
                </span>
              </FormattedMessage>
            </p>
          </div>
        </div>
      </div>
    </HomePage>
  </Router>
</MemoryRouter>
`;
