// Jest Snapshot v1, https://goo.gl/fbAQLP

exports[`<StepBar> matches snapshot 1`] = `
<StepBar
  currentStepIndex={1}
  goToStep={[Function]}
  steps={
    Array [
      Object {
        "key": "firstStep",
        "name": "firstStep name",
      },
      Object {
        "key": "secondStep",
        "name": "secondStep name",
      },
      Object {
        "key": "thirdStep",
        "name": "thirdStep name",
      },
    ]
  }
>
  <StepGroup
    className="six"
    items={
      Array [
        Object {
          "active": true,
          "key": 0,
          "onClick": [Function],
          "title": Object {
            "content": "firstStep name",
          },
        },
        Object {
          "active": false,
          "key": 1,
          "onClick": [Function],
          "title": Object {
            "content": "secondStep name",
          },
        },
        Object {
          "active": false,
          "key": 2,
          "onClick": [Function],
          "title": Object {
            "content": "thirdStep name",
          },
        },
      ]
    }
    ordered={true}
    size="mini"
  >
    <div
      className="ui mini ordered steps six"
    >
      <Step
        active={true}
        key="0"
        onClick={[Function]}
        title={
          Object {
            "content": "firstStep name",
          }
        }
      >
        <a
          className="active step"
          onClick={[Function]}
        >
          <StepContent
            title={
              Object {
                "content": "firstStep name",
              }
            }
          >
            <div
              className="content"
            >
              <StepTitle
                content="firstStep name"
              >
                <div
                  className="title"
                >
                  firstStep name
                </div>
              </StepTitle>
            </div>
          </StepContent>
        </a>
      </Step>
      <Step
        active={false}
        key="1"
        onClick={[Function]}
        title={
          Object {
            "content": "secondStep name",
          }
        }
      >
        <a
          className="step"
          onClick={[Function]}
        >
          <StepContent
            title={
              Object {
                "content": "secondStep name",
              }
            }
          >
            <div
              className="content"
            >
              <StepTitle
                content="secondStep name"
              >
                <div
                  className="title"
                >
                  secondStep name
                </div>
              </StepTitle>
            </div>
          </StepContent>
        </a>
      </Step>
      <Step
        active={false}
        key="2"
        onClick={[Function]}
        title={
          Object {
            "content": "thirdStep name",
          }
        }
      >
        <a
          className="step"
          onClick={[Function]}
        >
          <StepContent
            title={
              Object {
                "content": "thirdStep name",
              }
            }
          >
            <div
              className="content"
            >
              <StepTitle
                content="thirdStep name"
              >
                <div
                  className="title"
                >
                  thirdStep name
                </div>
              </StepTitle>
            </div>
          </StepContent>
        </a>
      </Step>
    </div>
  </StepGroup>
</StepBar>
`;
