// Jest Snapshot v1, https://goo.gl/fbAQLP

exports[`Benefits table renders correctly 1`] = `
<div>
  <table
    className="ui celled table"
  >
    <thead
      className=""
    >
      <tr
        className=""
      >
        <td
          className="three wide"
          style={
            Object {
              "background": "rgba(0, 181, 173, 1)",
              "borderRadius": "inherit",
              "color": "white",
              "fontSize": "1.3em",
              "fontWeight": 900,
              "letterSpacing": "0.02em",
              "textAlign": "center",
            }
          }
        >
          <span>
            Benefit
          </span>
        </td>
        <td
          className="three wide"
          style={
            Object {
              "background": "rgba(0, 181, 173, 1)",
              "borderRadius": "inherit",
              "color": "white",
              "fontSize": "1.3em",
              "fontWeight": 900,
              "letterSpacing": "0.02em",
              "textAlign": "center",
            }
          }
        >
          <span>
            Current Benefits
          </span>
        </td>
        <td
          className="three wide"
          style={
            Object {
              "background": "rgba(0, 181, 173, 1)",
              "borderRadius": "inherit",
              "color": "white",
              "fontSize": "1.3em",
              "fontWeight": 900,
              "letterSpacing": "0.02em",
              "textAlign": "center",
            }
          }
        >
          <span>
            New Estimate
          </span>
        </td>
        <td
          className="three wide"
          style={
            Object {
              "background": "rgba(0, 181, 173, 1)",
              "borderRadius": "inherit",
              "color": "white",
              "fontSize": "1.3em",
              "fontWeight": 900,
              "letterSpacing": "0.02em",
              "textAlign": "center",
            }
          }
        >
          <span>
            Difference
          </span>
        </td>
      </tr>
    </thead>
    <tbody
      className=""
    >
      <tr
        className=""
      >
        <td
          className=""
          style={
            Object {
              "fontSize": "1.1em",
              "fontWeight": 700,
              "textAlign": "left",
            }
          }
        >
          <span>
            Income
          </span>
        </td>
        <td
          className="right aligned"
        >
          <span>
            $0 / month
          </span>
        </td>
        <td
          className="right aligned"
        >
          <span>
            $0 / month
          </span>
        </td>
        <td
          className="right aligned"
        >
          <span>
            $0 / month
          </span>
        </td>
      </tr>
      <tr
        className=""
        style={
          Object {
            "border": "none",
          }
        }
      >
        <td
          className="right aligned three wide"
          style={
            Object {
              "borderTop": "2px solid rgba(0, 181, 173, 1)",
              "fontSize": "1.2em",
              "fontWeight": 700,
              "padingTop": "0.25em",
              "textAlign": "left",
            }
          }
        >
          <span>
            Net Total
          </span>
        </td>
        <td
          className="right aligned three wide"
          style={
            Object {
              "borderTop": "2px solid rgba(0, 181, 173, 1)",
              "fontSize": "1.1em",
              "fontWeight": 700,
              "padingTop": "0.25em",
            }
          }
        >
          <span>
            $0 / month
          </span>
        </td>
        <td
          className="right aligned three wide"
          style={
            Object {
              "borderTop": "2px solid rgba(0, 181, 173, 1)",
              "fontSize": "1.1em",
              "fontWeight": 700,
              "padingTop": "0.25em",
            }
          }
        >
          <span>
            $0 / month
          </span>
        </td>
        <td
          className="right aligned three wide"
          style={
            Object {
              "borderTop": "2px solid rgba(0, 181, 173, 1)",
              "fontSize": "1.1em",
              "fontWeight": 700,
              "padingTop": "0.25em",
            }
          }
        >
          <span>
            $0 / month
          </span>
        </td>
      </tr>
    </tbody>
  </table>
</div>
`;

exports[`Benefits table renders correctly 2`] = `
<div>
  <table
    className="ui celled table"
  >
    <thead
      className=""
    >
      <tr
        className=""
      >
        <td
          className="three wide"
          style={
            Object {
              "background": "rgba(0, 181, 173, 1)",
              "borderRadius": "inherit",
              "color": "white",
              "fontSize": "1.3em",
              "fontWeight": 900,
              "letterSpacing": "0.02em",
              "textAlign": "center",
            }
          }
        >
          <span>
            Benefit
          </span>
        </td>
        <td
          className="three wide"
          style={
            Object {
              "background": "rgba(0, 181, 173, 1)",
              "borderRadius": "inherit",
              "color": "white",
              "fontSize": "1.3em",
              "fontWeight": 900,
              "letterSpacing": "0.02em",
              "textAlign": "center",
            }
          }
        >
          <span>
            Current Benefits
          </span>
        </td>
        <td
          className="three wide"
          style={
            Object {
              "background": "rgba(0, 181, 173, 1)",
              "borderRadius": "inherit",
              "color": "white",
              "fontSize": "1.3em",
              "fontWeight": 900,
              "letterSpacing": "0.02em",
              "textAlign": "center",
            }
          }
        >
          <span>
            New Estimate
          </span>
        </td>
        <td
          className="three wide"
          style={
            Object {
              "background": "rgba(0, 181, 173, 1)",
              "borderRadius": "inherit",
              "color": "white",
              "fontSize": "1.3em",
              "fontWeight": 900,
              "letterSpacing": "0.02em",
              "textAlign": "center",
            }
          }
        >
          <span>
            Difference
          </span>
        </td>
      </tr>
    </thead>
    <tbody
      className=""
    >
      <tr
        className=""
      >
        <td
          className=""
          style={
            Object {
              "fontSize": "1.1em",
              "fontWeight": 700,
              "textAlign": "left",
            }
          }
        >
          <span>
            SNAP
          </span>
        </td>
        <td
          className="right aligned"
        >
          <span>
            $192 / month
          </span>
        </td>
        <td
          className="right aligned"
        >
          <span>
            $192 / month
          </span>
        </td>
        <td
          className="right aligned"
        >
          <span>
            $0 / month
          </span>
        </td>
      </tr>
      <tr
        className=""
      >
        <td
          className=""
          style={
            Object {
              "fontSize": "1.1em",
              "fontWeight": 700,
              "textAlign": "left",
            }
          }
        >
          <span>
            Income
          </span>
        </td>
        <td
          className="right aligned"
        >
          <span>
            $0 / month
          </span>
        </td>
        <td
          className="right aligned"
        >
          <span>
            $0 / month
          </span>
        </td>
        <td
          className="right aligned"
        >
          <span>
            $0 / month
          </span>
        </td>
      </tr>
      <tr
        className=""
        style={
          Object {
            "border": "none",
          }
        }
      >
        <td
          className="right aligned three wide"
          style={
            Object {
              "borderTop": "2px solid rgba(0, 181, 173, 1)",
              "fontSize": "1.2em",
              "fontWeight": 700,
              "padingTop": "0.25em",
              "textAlign": "left",
            }
          }
        >
          <span>
            Net Total
          </span>
        </td>
        <td
          className="right aligned three wide"
          style={
            Object {
              "borderTop": "2px solid rgba(0, 181, 173, 1)",
              "fontSize": "1.1em",
              "fontWeight": 700,
              "padingTop": "0.25em",
            }
          }
        >
          <span>
            $192 / month
          </span>
        </td>
        <td
          className="right aligned three wide"
          style={
            Object {
              "borderTop": "2px solid rgba(0, 181, 173, 1)",
              "fontSize": "1.1em",
              "fontWeight": 700,
              "padingTop": "0.25em",
            }
          }
        >
          <span>
            $192 / month
          </span>
        </td>
        <td
          className="right aligned three wide"
          style={
            Object {
              "borderTop": "2px solid rgba(0, 181, 173, 1)",
              "fontSize": "1.1em",
              "fontWeight": 700,
              "padingTop": "0.25em",
            }
          }
        >
          <span>
            $0 / month
          </span>
        </td>
      </tr>
    </tbody>
  </table>
</div>
`;

exports[`Benefits table renders correctly 3`] = `
<div>
  <table
    className="ui celled table"
  >
    <thead
      className=""
    >
      <tr
        className=""
      >
        <td
          className="three wide"
          style={
            Object {
              "background": "rgba(0, 181, 173, 1)",
              "borderRadius": "inherit",
              "color": "white",
              "fontSize": "1.3em",
              "fontWeight": 900,
              "letterSpacing": "0.02em",
              "textAlign": "center",
            }
          }
        >
          <span>
            Benefit
          </span>
        </td>
        <td
          className="three wide"
          style={
            Object {
              "background": "rgba(0, 181, 173, 1)",
              "borderRadius": "inherit",
              "color": "white",
              "fontSize": "1.3em",
              "fontWeight": 900,
              "letterSpacing": "0.02em",
              "textAlign": "center",
            }
          }
        >
          <span>
            Current Benefits
          </span>
        </td>
        <td
          className="three wide"
          style={
            Object {
              "background": "rgba(0, 181, 173, 1)",
              "borderRadius": "inherit",
              "color": "white",
              "fontSize": "1.3em",
              "fontWeight": 900,
              "letterSpacing": "0.02em",
              "textAlign": "center",
            }
          }
        >
          <span>
            New Estimate
          </span>
        </td>
        <td
          className="three wide"
          style={
            Object {
              "background": "rgba(0, 181, 173, 1)",
              "borderRadius": "inherit",
              "color": "white",
              "fontSize": "1.3em",
              "fontWeight": 900,
              "letterSpacing": "0.02em",
              "textAlign": "center",
            }
          }
        >
          <span>
            Difference
          </span>
        </td>
      </tr>
    </thead>
    <tbody
      className=""
    >
      <tr
        className=""
      >
        <td
          className=""
          style={
            Object {
              "fontSize": "1.1em",
              "fontWeight": 700,
              "textAlign": "left",
            }
          }
        >
          <span>
            SNAP
          </span>
        </td>
        <td
          className="right aligned"
        >
          <span>
            $192 / month
          </span>
        </td>
        <td
          className="right aligned"
        >
          <span>
            $192 / month
          </span>
        </td>
        <td
          className="right aligned"
        >
          <span>
            $0 / month
          </span>
        </td>
      </tr>
      <tr
        className=""
      >
        <td
          className=""
          style={
            Object {
              "fontSize": "1.1em",
              "fontWeight": 700,
              "textAlign": "left",
            }
          }
        >
          <span>
            Income
          </span>
        </td>
        <td
          className="right aligned"
        >
          <span>
            $100 / month
          </span>
        </td>
        <td
          className="right aligned"
        >
          <span>
            $0 / month
          </span>
        </td>
        <td
          className="right aligned"
        >
          <span>
            $-100 / month
          </span>
        </td>
      </tr>
      <tr
        className=""
        style={
          Object {
            "border": "none",
          }
        }
      >
        <td
          className="right aligned three wide"
          style={
            Object {
              "borderTop": "2px solid rgba(0, 181, 173, 1)",
              "fontSize": "1.2em",
              "fontWeight": 700,
              "padingTop": "0.25em",
              "textAlign": "left",
            }
          }
        >
          <span>
            Net Total
          </span>
        </td>
        <td
          className="right aligned three wide"
          style={
            Object {
              "borderTop": "2px solid rgba(0, 181, 173, 1)",
              "fontSize": "1.1em",
              "fontWeight": 700,
              "padingTop": "0.25em",
            }
          }
        >
          <span>
            $292 / month
          </span>
        </td>
        <td
          className="right aligned three wide"
          style={
            Object {
              "borderTop": "2px solid rgba(0, 181, 173, 1)",
              "fontSize": "1.1em",
              "fontWeight": 700,
              "padingTop": "0.25em",
            }
          }
        >
          <span>
            $192 / month
          </span>
        </td>
        <td
          className="right aligned three wide"
          style={
            Object {
              "borderTop": "2px solid rgba(0, 181, 173, 1)",
              "fontSize": "1.1em",
              "fontWeight": 700,
              "padingTop": "0.25em",
            }
          }
        >
          <span>
            $100 / month
          </span>
        </td>
      </tr>
    </tbody>
  </table>
</div>
`;

exports[`Benefits table renders correctly 4`] = `
<div>
  <table
    className="ui celled table"
  >
    <thead
      className=""
    >
      <tr
        className=""
      >
        <td
          className="three wide"
          style={
            Object {
              "background": "rgba(0, 181, 173, 1)",
              "borderRadius": "inherit",
              "color": "white",
              "fontSize": "1.3em",
              "fontWeight": 900,
              "letterSpacing": "0.02em",
              "textAlign": "center",
            }
          }
        >
          <span>
            Benefit
          </span>
        </td>
        <td
          className="three wide"
          style={
            Object {
              "background": "rgba(0, 181, 173, 1)",
              "borderRadius": "inherit",
              "color": "white",
              "fontSize": "1.3em",
              "fontWeight": 900,
              "letterSpacing": "0.02em",
              "textAlign": "center",
            }
          }
        >
          <span>
            Current Benefits
          </span>
        </td>
        <td
          className="three wide"
          style={
            Object {
              "background": "rgba(0, 181, 173, 1)",
              "borderRadius": "inherit",
              "color": "white",
              "fontSize": "1.3em",
              "fontWeight": 900,
              "letterSpacing": "0.02em",
              "textAlign": "center",
            }
          }
        >
          <span>
            New Estimate
          </span>
        </td>
        <td
          className="three wide"
          style={
            Object {
              "background": "rgba(0, 181, 173, 1)",
              "borderRadius": "inherit",
              "color": "white",
              "fontSize": "1.3em",
              "fontWeight": 900,
              "letterSpacing": "0.02em",
              "textAlign": "center",
            }
          }
        >
          <span>
            Difference
          </span>
        </td>
      </tr>
    </thead>
    <tbody
      className=""
    >
      <tr
        className=""
      >
        <td
          className=""
          style={
            Object {
              "fontSize": "1.1em",
              "fontWeight": 700,
              "textAlign": "left",
            }
          }
        >
          <span>
            SNAP
          </span>
        </td>
        <td
          className="right aligned"
        >
          <span>
            $192 / month
          </span>
        </td>
        <td
          className="right aligned"
        >
          <span>
            $192 / month
          </span>
        </td>
        <td
          className="right aligned"
        >
          <span>
            $0 / month
          </span>
        </td>
      </tr>
      <tr
        className=""
      >
        <td
          className=""
          style={
            Object {
              "fontSize": "1.1em",
              "fontWeight": 700,
              "textAlign": "left",
            }
          }
        >
          <span>
            Income
          </span>
        </td>
        <td
          className="right aligned"
        >
          <span>
            $100 / month
          </span>
        </td>
        <td
          className="right aligned"
        >
          <span>
            $200 / month
          </span>
        </td>
        <td
          className="right aligned"
        >
          <span>
            $100 / month
          </span>
        </td>
      </tr>
      <tr
        className=""
        style={
          Object {
            "border": "none",
          }
        }
      >
        <td
          className="right aligned three wide"
          style={
            Object {
              "borderTop": "2px solid rgba(0, 181, 173, 1)",
              "fontSize": "1.2em",
              "fontWeight": 700,
              "padingTop": "0.25em",
              "textAlign": "left",
            }
          }
        >
          <span>
            Net Total
          </span>
        </td>
        <td
          className="right aligned three wide"
          style={
            Object {
              "borderTop": "2px solid rgba(0, 181, 173, 1)",
              "fontSize": "1.1em",
              "fontWeight": 700,
              "padingTop": "0.25em",
            }
          }
        >
          <span>
            $292 / month
          </span>
        </td>
        <td
          className="right aligned three wide"
          style={
            Object {
              "borderTop": "2px solid rgba(0, 181, 173, 1)",
              "fontSize": "1.1em",
              "fontWeight": 700,
              "padingTop": "0.25em",
            }
          }
        >
          <span>
            $392 / month
          </span>
        </td>
        <td
          className="right aligned three wide"
          style={
            Object {
              "borderTop": "2px solid rgba(0, 181, 173, 1)",
              "fontSize": "1.1em",
              "fontWeight": 700,
              "padingTop": "0.25em",
            }
          }
        >
          <span>
            $100 / month
          </span>
        </td>
      </tr>
    </tbody>
  </table>
</div>
`;

exports[`Benefits table renders correctly 5`] = `
<div>
  <table
    className="ui celled table"
  >
    <thead
      className=""
    >
      <tr
        className=""
      >
        <td
          className="three wide"
          style={
            Object {
              "background": "rgba(0, 181, 173, 1)",
              "borderRadius": "inherit",
              "color": "white",
              "fontSize": "1.3em",
              "fontWeight": 900,
              "letterSpacing": "0.02em",
              "textAlign": "center",
            }
          }
        >
          <span>
            Benefit
          </span>
        </td>
        <td
          className="three wide"
          style={
            Object {
              "background": "rgba(0, 181, 173, 1)",
              "borderRadius": "inherit",
              "color": "white",
              "fontSize": "1.3em",
              "fontWeight": 900,
              "letterSpacing": "0.02em",
              "textAlign": "center",
            }
          }
        >
          <span>
            Current Benefits
          </span>
        </td>
        <td
          className="three wide"
          style={
            Object {
              "background": "rgba(0, 181, 173, 1)",
              "borderRadius": "inherit",
              "color": "white",
              "fontSize": "1.3em",
              "fontWeight": 900,
              "letterSpacing": "0.02em",
              "textAlign": "center",
            }
          }
        >
          <span>
            New Estimate
          </span>
        </td>
        <td
          className="three wide"
          style={
            Object {
              "background": "rgba(0, 181, 173, 1)",
              "borderRadius": "inherit",
              "color": "white",
              "fontSize": "1.3em",
              "fontWeight": 900,
              "letterSpacing": "0.02em",
              "textAlign": "center",
            }
          }
        >
          <span>
            Difference
          </span>
        </td>
      </tr>
    </thead>
    <tbody
      className=""
    >
      <tr
        className=""
      >
        <td
          className=""
          style={
            Object {
              "fontSize": "1.1em",
              "fontWeight": 700,
              "textAlign": "left",
            }
          }
        >
          <span>
            SNAP
          </span>
        </td>
        <td
          className="right aligned"
        >
          <span>
            $192 / month
          </span>
        </td>
        <td
          className="right aligned"
        >
          <span>
            $192 / month
          </span>
        </td>
        <td
          className="right aligned"
        >
          <span>
            $0 / month
          </span>
        </td>
      </tr>
      <tr
        className=""
      >
        <td
          className=""
          style={
            Object {
              "fontSize": "1.1em",
              "fontWeight": 700,
              "textAlign": "left",
            }
          }
        >
          <span>
            Income
          </span>
        </td>
        <td
          className="right aligned"
        >
          <span>
            $300 / month
          </span>
        </td>
        <td
          className="right aligned"
        >
          <span>
            $200 / month
          </span>
        </td>
        <td
          className="right aligned"
        >
          <span>
            $-100 / month
          </span>
        </td>
      </tr>
      <tr
        className=""
        style={
          Object {
            "border": "none",
          }
        }
      >
        <td
          className="right aligned three wide"
          style={
            Object {
              "borderTop": "2px solid rgba(0, 181, 173, 1)",
              "fontSize": "1.2em",
              "fontWeight": 700,
              "padingTop": "0.25em",
              "textAlign": "left",
            }
          }
        >
          <span>
            Net Total
          </span>
        </td>
        <td
          className="right aligned three wide"
          style={
            Object {
              "borderTop": "2px solid rgba(0, 181, 173, 1)",
              "fontSize": "1.1em",
              "fontWeight": 700,
              "padingTop": "0.25em",
            }
          }
        >
          <span>
            $492 / month
          </span>
        </td>
        <td
          className="right aligned three wide"
          style={
            Object {
              "borderTop": "2px solid rgba(0, 181, 173, 1)",
              "fontSize": "1.1em",
              "fontWeight": 700,
              "padingTop": "0.25em",
            }
          }
        >
          <span>
            $392 / month
          </span>
        </td>
        <td
          className="right aligned three wide"
          style={
            Object {
              "borderTop": "2px solid rgba(0, 181, 173, 1)",
              "fontSize": "1.1em",
              "fontWeight": 700,
              "padingTop": "0.25em",
            }
          }
        >
          <span>
            $100 / month
          </span>
        </td>
      </tr>
    </tbody>
  </table>
</div>
`;

exports[`Benefits table renders correctly 6`] = `
<div>
  <table
    className="ui celled table"
  >
    <thead
      className=""
    >
      <tr
        className=""
      >
        <td
          className="three wide"
          style={
            Object {
              "background": "rgba(0, 181, 173, 1)",
              "borderRadius": "inherit",
              "color": "white",
              "fontSize": "1.3em",
              "fontWeight": 900,
              "letterSpacing": "0.02em",
              "textAlign": "center",
            }
          }
        >
          <span>
            Benefit
          </span>
        </td>
        <td
          className="three wide"
          style={
            Object {
              "background": "rgba(0, 181, 173, 1)",
              "borderRadius": "inherit",
              "color": "white",
              "fontSize": "1.3em",
              "fontWeight": 900,
              "letterSpacing": "0.02em",
              "textAlign": "center",
            }
          }
        >
          <span>
            Current Benefits
          </span>
        </td>
        <td
          className="three wide"
          style={
            Object {
              "background": "rgba(0, 181, 173, 1)",
              "borderRadius": "inherit",
              "color": "white",
              "fontSize": "1.3em",
              "fontWeight": 900,
              "letterSpacing": "0.02em",
              "textAlign": "center",
            }
          }
        >
          <span>
            New Estimate
          </span>
        </td>
        <td
          className="three wide"
          style={
            Object {
              "background": "rgba(0, 181, 173, 1)",
              "borderRadius": "inherit",
              "color": "white",
              "fontSize": "1.3em",
              "fontWeight": 900,
              "letterSpacing": "0.02em",
              "textAlign": "center",
            }
          }
        >
          <span>
            Difference
          </span>
        </td>
      </tr>
    </thead>
    <tbody
      className=""
    >
      <tr
        className=""
      >
        <td
          className=""
          style={
            Object {
              "fontSize": "1.1em",
              "fontWeight": 700,
              "textAlign": "left",
            }
          }
        >
          <span>
            SNAP
          </span>
        </td>
        <td
          className="right aligned"
        >
          <span>
            $192 / month
          </span>
        </td>
        <td
          className="right aligned"
        >
          <span>
            $192 / month
          </span>
        </td>
        <td
          className="right aligned"
        >
          <span>
            $0 / month
          </span>
        </td>
      </tr>
      <tr
        className=""
      >
        <td
          className=""
          style={
            Object {
              "fontSize": "1.1em",
              "fontWeight": 700,
              "textAlign": "left",
            }
          }
        >
          <span>
            Income
          </span>
        </td>
        <td
          className="right aligned"
        >
          <span>
            $300 / month
          </span>
        </td>
        <td
          className="right aligned"
        >
          <span>
            $200 / month
          </span>
        </td>
        <td
          className="right aligned"
        >
          <span>
            $-100 / month
          </span>
        </td>
      </tr>
      <tr
        className=""
        style={
          Object {
            "border": "none",
          }
        }
      >
        <td
          className="right aligned three wide"
          style={
            Object {
              "borderTop": "2px solid rgba(0, 181, 173, 1)",
              "fontSize": "1.2em",
              "fontWeight": 700,
              "padingTop": "0.25em",
              "textAlign": "left",
            }
          }
        >
          <span>
            Net Total
          </span>
        </td>
        <td
          className="right aligned three wide"
          style={
            Object {
              "borderTop": "2px solid rgba(0, 181, 173, 1)",
              "fontSize": "1.1em",
              "fontWeight": 700,
              "padingTop": "0.25em",
            }
          }
        >
          <span>
            $492 / month
          </span>
        </td>
        <td
          className="right aligned three wide"
          style={
            Object {
              "borderTop": "2px solid rgba(0, 181, 173, 1)",
              "fontSize": "1.1em",
              "fontWeight": 700,
              "padingTop": "0.25em",
            }
          }
        >
          <span>
            $392 / month
          </span>
        </td>
        <td
          className="right aligned three wide"
          style={
            Object {
              "borderTop": "2px solid rgba(0, 181, 173, 1)",
              "fontSize": "1.1em",
              "fontWeight": 700,
              "padingTop": "0.25em",
            }
          }
        >
          <span>
            $100 / month
          </span>
        </td>
      </tr>
    </tbody>
  </table>
</div>
`;

exports[`Benefits table renders correctly 7`] = `
<div>
  <table
    className="ui celled table"
  >
    <thead
      className=""
    >
      <tr
        className=""
      >
        <td
          className="three wide"
          style={
            Object {
              "background": "rgba(0, 181, 173, 1)",
              "borderRadius": "inherit",
              "color": "white",
              "fontSize": "1.3em",
              "fontWeight": 900,
              "letterSpacing": "0.02em",
              "textAlign": "center",
            }
          }
        >
          <span>
            Benefit
          </span>
        </td>
        <td
          className="three wide"
          style={
            Object {
              "background": "rgba(0, 181, 173, 1)",
              "borderRadius": "inherit",
              "color": "white",
              "fontSize": "1.3em",
              "fontWeight": 900,
              "letterSpacing": "0.02em",
              "textAlign": "center",
            }
          }
        >
          <span>
            Current Benefits
          </span>
        </td>
        <td
          className="three wide"
          style={
            Object {
              "background": "rgba(0, 181, 173, 1)",
              "borderRadius": "inherit",
              "color": "white",
              "fontSize": "1.3em",
              "fontWeight": 900,
              "letterSpacing": "0.02em",
              "textAlign": "center",
            }
          }
        >
          <span>
            New Estimate
          </span>
        </td>
        <td
          className="three wide"
          style={
            Object {
              "background": "rgba(0, 181, 173, 1)",
              "borderRadius": "inherit",
              "color": "white",
              "fontSize": "1.3em",
              "fontWeight": 900,
              "letterSpacing": "0.02em",
              "textAlign": "center",
            }
          }
        >
          <span>
            Difference
          </span>
        </td>
      </tr>
    </thead>
    <tbody
      className=""
    >
      <tr
        className=""
      >
        <td
          className=""
          style={
            Object {
              "fontSize": "1.1em",
              "fontWeight": 700,
              "textAlign": "left",
            }
          }
        >
          <span>
            SNAP
          </span>
        </td>
        <td
          className="right aligned"
        >
          <span>
            $192 / month
          </span>
        </td>
        <td
          className="right aligned"
        >
          <span>
            $187 / month
          </span>
        </td>
        <td
          className="right aligned"
        >
          <span>
            -$5 / month
          </span>
        </td>
      </tr>
      <tr
        className=""
      >
        <td
          className=""
          style={
            Object {
              "fontSize": "1.1em",
              "fontWeight": 700,
              "textAlign": "left",
            }
          }
        >
          <span>
            Income
          </span>
        </td>
        <td
          className="right aligned"
        >
          <span>
            $300 / month
          </span>
        </td>
        <td
          className="right aligned"
        >
          <span>
            $400 / month
          </span>
        </td>
        <td
          className="right aligned"
        >
          <span>
            $100 / month
          </span>
        </td>
      </tr>
      <tr
        className=""
        style={
          Object {
            "border": "none",
          }
        }
      >
        <td
          className="right aligned three wide"
          style={
            Object {
              "borderTop": "2px solid rgba(0, 181, 173, 1)",
              "fontSize": "1.2em",
              "fontWeight": 700,
              "padingTop": "0.25em",
              "textAlign": "left",
            }
          }
        >
          <span>
            Net Total
          </span>
        </td>
        <td
          className="right aligned three wide"
          style={
            Object {
              "borderTop": "2px solid rgba(0, 181, 173, 1)",
              "fontSize": "1.1em",
              "fontWeight": 700,
              "padingTop": "0.25em",
            }
          }
        >
          <span>
            $492 / month
          </span>
        </td>
        <td
          className="right aligned three wide"
          style={
            Object {
              "borderTop": "2px solid rgba(0, 181, 173, 1)",
              "fontSize": "1.1em",
              "fontWeight": 700,
              "padingTop": "0.25em",
            }
          }
        >
          <span>
            $587 / month
          </span>
        </td>
        <td
          className="right aligned three wide"
          style={
            Object {
              "borderTop": "2px solid rgba(0, 181, 173, 1)",
              "fontSize": "1.1em",
              "fontWeight": 700,
              "padingTop": "0.25em",
            }
          }
        >
          <span>
            $95 / month
          </span>
        </td>
      </tr>
    </tbody>
  </table>
</div>
`;
